test.a = test.b
test.hello = ::c
test.y = ?.r
test.a = nested.b
?.x = test.hello
::c = ?.y
nested.b = nested2.c
nested2.c = nested2.hello
?.x = ?.y
?.pls = ?.hunnid
?.snafu = ::bar
?.boof = ::foo
test.a = nested.b
?.x = test.hello
::c = ?.y
::foo = ::bar
test.a = test.b
test.x = test.hello
::c = test.y
::foo = ::bar